NAMESPACE            NAME                                             READY   STATUS    RESTARTS        AGE
ingress-nginx        pod/ingress-nginx-controller-54754544b9-wcx67    1/1     Running   0               162m
kube-system          pod/coredns-589f44dc88-hgc6r                     1/1     Running   0               168m
kube-system          pod/coredns-589f44dc88-m9dvn                     1/1     Running   0               168m
kube-system          pod/etcd-kind-control-plane                      1/1     Running   0               168m
kube-system          pod/kindnet-5s685                                1/1     Running   0               168m
kube-system          pod/kindnet-btxjp                                1/1     Running   0               168m
kube-system          pod/kindnet-dstgt                                1/1     Running   0               168m
kube-system          pod/kindnet-g7wf2                                1/1     Running   0               168m
kube-system          pod/kindnet-k6dsq                                1/1     Running   0               168m
kube-system          pod/kindnet-qn5vj                                1/1     Running   0               168m
kube-system          pod/kindnet-qvjq4                                1/1     Running   0               168m
kube-system          pod/kube-apiserver-kind-control-plane            1/1     Running   0               168m
kube-system          pod/kube-controller-manager-kind-control-plane   1/1     Running   0               168m
kube-system          pod/kube-proxy-8vg44                             1/1     Running   0               168m
kube-system          pod/kube-proxy-bbqk6                             1/1     Running   0               168m
kube-system          pod/kube-proxy-gmvzt                             1/1     Running   0               168m
kube-system          pod/kube-proxy-mj6jh                             1/1     Running   0               168m
kube-system          pod/kube-proxy-sztpt                             1/1     Running   0               168m
kube-system          pod/kube-proxy-wfr4j                             1/1     Running   0               168m
kube-system          pod/kube-proxy-zznvb                             1/1     Running   0               168m
kube-system          pod/kube-scheduler-kind-control-plane            1/1     Running   0               168m
local-path-storage   pod/local-path-provisioner-855c7b7774-s6rvb      1/1     Running   0               168m
mysql                pod/mysql-mysql-0                                1/1     Running   0               3m48s
mysql                pod/mysql-mysql-1                                1/1     Running   0               3m36s
todoapp              pod/todoapp-todoapp-7d97dbcd87-pb469             1/1     Running   0               3m33s
todoapp              pod/todoapp-todoapp-7d97dbcd87-sgxr8             1/1     Running   2 (3m36s ago)   3m48s

NAMESPACE       NAME                                         TYPE           CLUSTER-IP      EXTERNAL-IP   PORT(S)                      AGE
default         service/kubernetes                           ClusterIP      10.96.0.1       <none>        443/TCP                      168m
ingress-nginx   service/ingress-nginx-controller             LoadBalancer   10.96.228.175   <pending>     80:32566/TCP,443:30252/TCP   162m
ingress-nginx   service/ingress-nginx-controller-admission   ClusterIP      10.96.94.203    <none>        443/TCP                      162m
kube-system     service/kube-dns                             ClusterIP      10.96.0.10      <none>        53/UDP,53/TCP,9153/TCP       168m
mysql           service/mysql-mysql                          ClusterIP      None            <none>        3306/TCP                     3m48s
todoapp         service/todoapp-todoapp-nodeport             NodePort       10.96.253.104   <none>        80:30007/TCP                 3m48s
todoapp         service/todoapp-todoapp-service              ClusterIP      10.96.123.117   <none>        80/TCP                       3m48s

NAMESPACE     NAME                        DESIRED   CURRENT   READY   UP-TO-DATE   AVAILABLE   NODE SELECTOR            AGE
kube-system   daemonset.apps/kindnet      7         7         7       7            7           kubernetes.io/os=linux   168m
kube-system   daemonset.apps/kube-proxy   7         7         7       7            7           kubernetes.io/os=linux   168m

NAMESPACE            NAME                                       READY   UP-TO-DATE   AVAILABLE   AGE
ingress-nginx        deployment.apps/ingress-nginx-controller   1/1     1            1           162m
kube-system          deployment.apps/coredns                    2/2     2            2           168m
local-path-storage   deployment.apps/local-path-provisioner     1/1     1            1           168m
todoapp              deployment.apps/todoapp-todoapp            2/2     2            2           3m48s

NAMESPACE            NAME                                                  DESIRED   CURRENT   READY   AGE
ingress-nginx        replicaset.apps/ingress-nginx-controller-54754544b9   1         1         1       162m
kube-system          replicaset.apps/coredns-589f44dc88                    2         2         2       168m
local-path-storage   replicaset.apps/local-path-provisioner-855c7b7774     1         1         1       168m
todoapp              replicaset.apps/todoapp-todoapp-7d97dbcd87            2         2         2       3m48s

NAMESPACE   NAME                           READY   AGE
mysql       statefulset.apps/mysql-mysql   2/2     3m48s

NAMESPACE   NAME                                                  REFERENCE                    TARGETS                                     MINPODS   MAXPODS   REPLICAS   AGE
todoapp     horizontalpodautoscaler.autoscaling/todoapp-todoapp   Deployment/todoapp-todoapp   cpu: <unknown>/70%, memory: <unknown>/70%   2         4         2          3m48s

NAMESPACE            NAME                                                             DATA   AGE
default              configmap/kube-root-ca.crt                                       1      168m
ingress-nginx        configmap/ingress-nginx-controller                               0      162m
ingress-nginx        configmap/kube-root-ca.crt                                       1      162m
kube-node-lease      configmap/kube-root-ca.crt                                       1      168m
kube-public          configmap/cluster-info                                           2      168m
kube-public          configmap/kube-root-ca.crt                                       1      168m
kube-system          configmap/coredns                                                1      168m
kube-system          configmap/extension-apiserver-authentication                     6      168m
kube-system          configmap/kube-apiserver-legacy-service-account-token-tracking   1      168m
kube-system          configmap/kube-proxy                                             2      168m
kube-system          configmap/kube-root-ca.crt                                       1      168m
kube-system          configmap/kubeadm-config                                         1      168m
kube-system          configmap/kubelet-config                                         1      168m
local-path-storage   configmap/kube-root-ca.crt                                       1      168m
local-path-storage   configmap/local-path-config                                      4      168m
mysql                configmap/kube-root-ca.crt                                       1      3m48s
mysql                configmap/mysql-mysql                                            1      3m48s
todoapp              configmap/kube-root-ca.crt                                       1      3m48s
todoapp              configmap/todoapp-app-config                                     1      3m48s

NAMESPACE       NAME                                   TYPE                            DATA   AGE
default         secret/sh.helm.release.v1.todoapp.v1   helm.sh/release.v1              1      3m48s
ingress-nginx   secret/ingress-nginx-admission         Opaque                          3      162m
kube-system     secret/bootstrap-token-abcdef          bootstrap.kubernetes.io/token   6      168m
mysql           secret/mysql-mysql-secrets             Opaque                          3      3m48s
todoapp         secret/todoapp-app-secret              Opaque                          5      3m48s

NAMESPACE   NAME                                                CLASS   HOSTS   ADDRESS     PORTS   AGE
todoapp     ingress.networking.k8s.io/todoapp-todoapp-ingress   nginx   *       localhost   80      3m48s
